{
  "version": "1.0.0-*",
  "buildOptions": {
    "debugType": "portable"
  },
  "dependencies": {
    "Newtonsoft.Json": "10.0.1-beta1"
  },
  "frameworks": {
    "netstandard1.6": {
      "dependencies": {
        "NETStandard.Library": "1.6.0"
      }
    }
  }
}
